// Jest Snapshot v1, https://goo.gl/fbAQLP

exports[`Showcase renders correctly 1`] = `
.c6 {
  font-family: 'Roboto',-apple-system,'.SFNSText-Regular','San Francisco','Segoe UI','Helvetica Neue','Lucida Grande',sans-serif;
  font-weight: 500;
  cursor: pointer;
  display: -webkit-inline-box;
  display: -webkit-inline-flex;
  display: -ms-inline-flexbox;
  display: inline-flex;
  -webkit-align-items: center;
  -webkit-box-align: center;
  -ms-flex-align: center;
  align-items: center;
  -webkit-transition: color 0.15s ease-in-out;
  transition: color 0.15s ease-in-out;
}

.c6,
.c6:link,
.c6:visited {
  color: #007F6D;
  -webkit-text-decoration: underline;
  text-decoration: underline;
  font-weight: 500;
}

.c6:hover,
.c6:active,
.c6:focus {
  outline: none;
  -webkit-text-decoration: none;
  text-decoration: none;
  color: #009882;
}

.c4 {
  font-family: 'Roboto',-apple-system,'.SFNSText-Regular','San Francisco','Segoe UI','Helvetica Neue','Lucida Grande',sans-serif;
  font-size: 14px;
  font-weight: 400;
  color: #252A31;
  line-height: 20px;
  text-align: left;
  margin: 0;
  margin-bottom: 8px;
}

.c4 a:not(.c5),
.c4 a:not(.c5):link,
.c4 a:not(.c5):visited {
  color: #007F6D;
  -webkit-text-decoration: underline;
  text-decoration: underline;
  font-weight: 500;
}

.c4 a:not(.c5):hover,
.c4 a:not(.c5):active,
.c4 a:not(.c5):focus {
  outline: none;
  -webkit-text-decoration: none;
  text-decoration: none;
  color: #009882;
}

.c3 {
  font-family: 'Roboto',-apple-system,'.SFNSText-Regular','San Francisco','Segoe UI','Helvetica Neue','Lucida Grande',sans-serif;
  font-size: 28px;
  font-weight: 700;
  color: #252A31;
  line-height: 36px;
  margin: 0;
}

.c2 {
  width: 100%;
}

.c2 > * {
  margin: 0 0 16px 0!important;
}

.c2 > *:last-child {
  margin: 0 !important;
}

.c1 {
  font-size: 14px;
  line-height: 20px;
  cursor: pointer;
  padding: 16px;
}

.c0 {
  display: block;
  width: 100%;
  box-sizing: border-box;
  font-family: 'Roboto',-apple-system,'.SFNSText-Regular','San Francisco','Segoe UI','Helvetica Neue','Lucida Grande',sans-serif;
  color: #252A31;
  -webkit-text-decoration: none;
  text-decoration: none;
  background: #FFFFFF;
  border-radius: 3px;
  box-shadow: 0px 0px 2px 0px rgba(37,42,49,0.16),0px 1px 4px 0px rgba(37,42,49,0.12);
  -webkit-transition: box-shadow 0.15s ease-in-out;
  transition: box-shadow 0.15s ease-in-out;
}

.c0:hover,
.c0:focus {
  outline: none;
  box-shadow: 0px 1px 4px 0px rgba(37,42,49,0.16),0px 4px 8px 0px rgba(37,42,49,0.12);
}

.c0:hover .TileHeader__StyledIconRight-sc-13kgyxb-4,
.c0:focus .TileHeader__StyledIconRight-sc-13kgyxb-4 {
  color: #52647A;
}

@media (min-width:414px) {

}

@media (min-width:576px) {

}

@media (min-width:768px) {

}

@media (min-width:992px) {
  .c2 > * {
    margin: 0 0 16px 0!important;
  }
}

@media (min-width:1200px) {

}

@media (min-width:576px) {
  .c1 {
    padding: 24px;
  }
}

<div
  css={
    Array [
      "
      display: flex;
      flex-wrap: wrap;
    ",
    ]
  }
>
  <div
    css={
      Array [
        "
        flex: 1 1 34ch;
        margin: 16px;
        > * {
          width: 100%;
          height: 100%;
        }
      ",
      ]
    }
  >
    <div
      className="c0"
      onClick={[Function]}
      onKeyDown={[Function]}
      role="button"
      tabIndex="0"
    >
      <div
        className="c1"
      >
        <div
          className="c2"
        >
          <div
            className="c3"
          >
            Write the Docs talk
          </div>
          <div
            css={
              Array [
                "
              background-size: cover;
              width: 100%;
              height: 200px;
              background-image: url(",
                "https://assets-us-01.kc-usercontent.com:443/3fcf700a-30e8-4d1d-9e64-43193a89fe7a/51e9be55-8502-40ca-b374-a1305b36dc56/Slide16.PNG",
                ");
            ",
              ]
            }
          />
          <p
            className="c4"
          >
            A video of a talk I gave at the 
            <a
              className="c5 c6"
              href="http://www.writethedocs.org/conf/prague/2019/"
              onClick={[Function]}
            >
              Write the Docs Prague 2019
            </a>
             conference. Or read a 
            <a
              className="c5 c6"
              href="/articles/seeing-your-docs-through-different-eyes"
              onClick={[Function]}
            >
              text version of the talk
            </a>
            .
          </p>
        </div>
      </div>
    </div>
  </div>
  <div
    css={
      Array [
        "
        flex: 1 1 34ch;
        margin: 16px;
        > * {
          width: 100%;
          height: 100%;
        }
      ",
      ]
    }
  >
    <div
      className="c0"
      onClick={[Function]}
      onKeyDown={[Function]}
      role="button"
      tabIndex="0"
    >
      <div
        className="c1"
      >
        <div
          className="c2"
        >
          <div
            className="c3"
          >
            Structured content video
          </div>
          <div
            css={
              Array [
                "
              background-size: cover;
              width: 100%;
              height: 200px;
              background-image: url(",
                "https://assets-us-01.kc-usercontent.com:443/3fcf700a-30e8-4d1d-9e64-43193a89fe7a/b0481084-18a8-4cf0-ae01-d1a0dbd766ce/structured_content.jpg",
                ");
            ",
              ]
            }
          />
          <p
            className="c4"
          >
            A video about what structured content is and how it can benefit content creators.
          </p>
        </div>
      </div>
    </div>
  </div>
</div>
`;
