// Jest Snapshot v1, https://goo.gl/fbAQLP

exports[`ArticleTeaser renders correctly 1`] = `
<div
  css={
    Array [
      "
        width: 100%;
        height: 200px;
        background: url(\\"",
      "https://example.com/cool_image.png",
      "\\") center center no-repeat;
      ",
    ]
  }
/>
`;
