// Jest Snapshot v1, https://goo.gl/fbAQLP

exports[`ArticleTags renders tags correctly 1`] = `
.c0 {
  font-family: 'Roboto',-apple-system,'.SFNSText-Regular','San Francisco','Segoe UI','Helvetica Neue','Lucida Grande',sans-serif;
  font-weight: 500;
  cursor: pointer;
  display: -webkit-inline-box;
  display: -webkit-inline-flex;
  display: -ms-inline-flexbox;
  display: inline-flex;
  -webkit-align-items: center;
  -webkit-box-align: center;
  -ms-flex-align: center;
  align-items: center;
  -webkit-transition: color 0.15s ease-in-out;
  transition: color 0.15s ease-in-out;
}

.c0,
.c0:link,
.c0:visited {
  color: #252A31;
  -webkit-text-decoration: underline;
  text-decoration: underline;
  font-weight: 500;
}

.c0:hover,
.c0:active,
.c0:focus {
  outline: none;
  -webkit-text-decoration: none;
  text-decoration: none;
  color: #009882;
}

<span>
   on 
  <span>
     
    <a
      className="c0"
      href="/tags/documentation"
      onClick={[Function]}
    >
      documentation
    </a>
    , 
  </span>
  <span>
     
    <a
      className="c0"
      href="/tags/ux"
      onClick={[Function]}
    >
      UX
    </a>
    , 
  </span>
  <span>
     
    <a
      className="c0"
      href="/tags/experience-mapping"
      onClick={[Function]}
    >
      experience mapping
    </a>
    
  </span>
</span>
`;
