// Jest Snapshot v1, https://goo.gl/fbAQLP

exports[`ArticleFooter renders correctly 1`] = `
<footer
  css={
    Array [
      "
      position: relative;
      margin: 6rem 0 0;
      padding: 3rem 0 0;
      border-top: #ebf2f6 1px solid;
    ",
    ]
  }
>
  This is a test
</footer>
`;
